{
  "version": "1.5.0",
  "plugins_used": [
    {
      "name": "ArtifactoryDetector"
    },
    {
      "name": "AWSKeyDetector"
    },
    {
      "name": "AzureStorageKeyDetector"
    },
    {
      "name": "Base64HighEntropyString",
      "limit": 4.5
    },
    {
      "name": "BasicAuthDetector"
    },
    {
      "name": "CloudantDetector"
    },
    {
      "name": "DiscordBotTokenDetector"
    },
    {
      "name": "GitHubTokenDetector"
    },
    {
      "name": "GitLabTokenDetector"
    },
    {
      "name": "HexHighEntropyString",
      "limit": 3.0
    },
    {
      "name": "IbmCloudIamDetector"
    },
    {
      "name": "IbmCosHmacDetector"
    },
    {
      "name": "IPPublicDetector"
    },
    {
      "name": "JwtTokenDetector"
    },
    {
      "name": "KeywordDetector",
      "keyword_exclude": ""
    },
    {
      "name": "MailchimpDetector"
    },
    {
      "name": "NpmDetector"
    },
    {
      "name": "OpenAIDetector"
    },
    {
      "name": "PrivateKeyDetector"
    },
    {
      "name": "PypiTokenDetector"
    },
    {
      "name": "SendGridDetector"
    },
    {
      "name": "SlackDetector"
    },
    {
      "name": "SoftlayerDetector"
    },
    {
      "name": "SquareOAuthDetector"
    },
    {
      "name": "StripeDetector"
    },
    {
      "name": "TelegramBotTokenDetector"
    },
    {
      "name": "TwilioKeyDetector"
    }
  ],
  "filters_used": [
    {
      "path": "detect_secrets.filters.allowlist.is_line_allowlisted"
    },
    {
      "path": "detect_secrets.filters.common.is_ignored_due_to_verification_policies",
      "min_level": 2
    },
    {
      "path": "detect_secrets.filters.heuristic.is_indirect_reference"
    },
    {
      "path": "detect_secrets.filters.heuristic.is_likely_id_string"
    },
    {
      "path": "detect_secrets.filters.heuristic.is_lock_file"
    },
    {
      "path": "detect_secrets.filters.heuristic.is_not_alphanumeric_string"
    },
    {
      "path": "detect_secrets.filters.heuristic.is_potential_uuid"
    },
    {
      "path": "detect_secrets.filters.heuristic.is_prefixed_with_dollar_sign"
    },
    {
      "path": "detect_secrets.filters.heuristic.is_sequential_string"
    },
    {
      "path": "detect_secrets.filters.heuristic.is_swagger_file"
    },
    {
      "path": "detect_secrets.filters.heuristic.is_templated_secret"
    },
    {
      "path": "detect_secrets.filters.regex.should_exclude_file",
      "pattern": [
        "uv\\.lock$"
      ]
    }
  ],
  "results": {
    ".github/workflows/ci.yml": [
      {
        "type": "Hex High Entropy String",
        "filename": ".github/workflows/ci.yml",
        "hashed_secret": "2e237be5309f038249ebe1dfc8fa4b10cfd5e247",
        "is_verified": false,
        "line_number": 27,
        "is_secret": false
      }
    ],
    "fixtures/scenarios/guardrail-loosened-redteam/release.yaml": [
      {
        "type": "Hex High Entropy String",
        "filename": "fixtures/scenarios/guardrail-loosened-redteam/release.yaml",
        "hashed_secret": "6fd3da52c9ea14143737fdf35978f7d0be13c3f3",
        "is_verified": false,
        "line_number": 16,
        "is_secret": false
      }
    ],
    "fixtures/scenarios/guardrail-loosened-redteam/run/run.json": [
      {
        "type": "Hex High Entropy String",
        "filename": "fixtures/scenarios/guardrail-loosened-redteam/run/run.json",
        "hashed_secret": "095da39b0a7ba8d728bf96f071cf353ddfc3185b",
        "is_verified": false,
        "line_number": 2,
        "is_secret": false
      },
      {
        "type": "Hex High Entropy String",
        "filename": "fixtures/scenarios/guardrail-loosened-redteam/run/run.json",
        "hashed_secret": "f969ffe3cf426ca1885d593d89036a6d9e8d29cd",
        "is_verified": false,
        "line_number": 3,
        "is_secret": false
      },
      {
        "type": "Hex High Entropy String",
        "filename": "fixtures/scenarios/guardrail-loosened-redteam/run/run.json",
        "hashed_secret": "dbc43b07b38c19802ca8628be23695f8477a1dd6",
        "is_verified": false,
        "line_number": 4,
        "is_secret": false
      }
    ],
    "fixtures/scenarios/model-not-allowlisted/release.yaml": [
      {
        "type": "Hex High Entropy String",
        "filename": "fixtures/scenarios/model-not-allowlisted/release.yaml",
        "hashed_secret": "6fd3da52c9ea14143737fdf35978f7d0be13c3f3",
        "is_verified": false,
        "line_number": 16,
        "is_secret": false
      }
    ],
    "fixtures/scenarios/model-not-allowlisted/run/run.json": [
      {
        "type": "Hex High Entropy String",
        "filename": "fixtures/scenarios/model-not-allowlisted/run/run.json",
        "hashed_secret": "7177146ebed97a7cd235abccf3d1aede5809eb18",
        "is_verified": false,
        "line_number": 2,
        "is_secret": false
      },
      {
        "type": "Hex High Entropy String",
        "filename": "fixtures/scenarios/model-not-allowlisted/run/run.json",
        "hashed_secret": "f969ffe3cf426ca1885d593d89036a6d9e8d29cd",
        "is_verified": false,
        "line_number": 3,
        "is_secret": false
      },
      {
        "type": "Hex High Entropy String",
        "filename": "fixtures/scenarios/model-not-allowlisted/run/run.json",
        "hashed_secret": "dbc43b07b38c19802ca8628be23695f8477a1dd6",
        "is_verified": false,
        "line_number": 4,
        "is_secret": false
      }
    ],
    "fixtures/scenarios/model-swap-quality-regression/release.yaml": [
      {
        "type": "Hex High Entropy String",
        "filename": "fixtures/scenarios/model-swap-quality-regression/release.yaml",
        "hashed_secret": "6fd3da52c9ea14143737fdf35978f7d0be13c3f3",
        "is_verified": false,
        "line_number": 16,
        "is_secret": false
      }
    ],
    "fixtures/scenarios/model-swap-quality-regression/run/run.json": [
      {
        "type": "Hex High Entropy String",
        "filename": "fixtures/scenarios/model-swap-quality-regression/run/run.json",
        "hashed_secret": "d8692b8e32634c3c3f4840b1376b7b4b45e5157c",
        "is_verified": false,
        "line_number": 2,
        "is_secret": false
      },
      {
        "type": "Hex High Entropy String",
        "filename": "fixtures/scenarios/model-swap-quality-regression/run/run.json",
        "hashed_secret": "f969ffe3cf426ca1885d593d89036a6d9e8d29cd",
        "is_verified": false,
        "line_number": 3,
        "is_secret": false
      },
      {
        "type": "Hex High Entropy String",
        "filename": "fixtures/scenarios/model-swap-quality-regression/run/run.json",
        "hashed_secret": "dbc43b07b38c19802ca8628be23695f8477a1dd6",
        "is_verified": false,
        "line_number": 4,
        "is_secret": false
      }
    ],
    "fixtures/scenarios/model-upgrade-over-budget/release.yaml": [
      {
        "type": "Hex High Entropy String",
        "filename": "fixtures/scenarios/model-upgrade-over-budget/release.yaml",
        "hashed_secret": "6fd3da52c9ea14143737fdf35978f7d0be13c3f3",
        "is_verified": false,
        "line_number": 16,
        "is_secret": false
      }
    ],
    "fixtures/scenarios/model-upgrade-over-budget/run/run.json": [
      {
        "type": "Hex High Entropy String",
        "filename": "fixtures/scenarios/model-upgrade-over-budget/run/run.json",
        "hashed_secret": "5d2741de67251150f7d2828cbd76f207bfaecfb9",
        "is_verified": false,
        "line_number": 2,
        "is_secret": false
      },
      {
        "type": "Hex High Entropy String",
        "filename": "fixtures/scenarios/model-upgrade-over-budget/run/run.json",
        "hashed_secret": "f969ffe3cf426ca1885d593d89036a6d9e8d29cd",
        "is_verified": false,
        "line_number": 3,
        "is_secret": false
      },
      {
        "type": "Hex High Entropy String",
        "filename": "fixtures/scenarios/model-upgrade-over-budget/run/run.json",
        "hashed_secret": "dbc43b07b38c19802ca8628be23695f8477a1dd6",
        "is_verified": false,
        "line_number": 4,
        "is_secret": false
      }
    ],
    "fixtures/scenarios/prompt-tweak-pass/release.yaml": [
      {
        "type": "Hex High Entropy String",
        "filename": "fixtures/scenarios/prompt-tweak-pass/release.yaml",
        "hashed_secret": "4623fdce764443db5c9d7ab50135517fbfa74bf7",
        "is_verified": false,
        "line_number": 16,
        "is_secret": false
      }
    ],
    "fixtures/scenarios/prompt-tweak-pass/run/run.json": [
      {
        "type": "Hex High Entropy String",
        "filename": "fixtures/scenarios/prompt-tweak-pass/run/run.json",
        "hashed_secret": "098301f40307577a1496514dacb4a162c73cf5ae",
        "is_verified": false,
        "line_number": 2,
        "is_secret": false
      },
      {
        "type": "Hex High Entropy String",
        "filename": "fixtures/scenarios/prompt-tweak-pass/run/run.json",
        "hashed_secret": "f969ffe3cf426ca1885d593d89036a6d9e8d29cd",
        "is_verified": false,
        "line_number": 3,
        "is_secret": false
      },
      {
        "type": "Hex High Entropy String",
        "filename": "fixtures/scenarios/prompt-tweak-pass/run/run.json",
        "hashed_secret": "dbc43b07b38c19802ca8628be23695f8477a1dd6",
        "is_verified": false,
        "line_number": 4,
        "is_secret": false
      }
    ],
    "fixtures/scenarios/stale-evidence/release.yaml": [
      {
        "type": "Hex High Entropy String",
        "filename": "fixtures/scenarios/stale-evidence/release.yaml",
        "hashed_secret": "e3095fd180ab4c1455c9294fb3ff6ed892f3b49a",
        "is_verified": false,
        "line_number": 16,
        "is_secret": false
      }
    ],
    "fixtures/scenarios/stale-evidence/run/run.json": [
      {
        "type": "Hex High Entropy String",
        "filename": "fixtures/scenarios/stale-evidence/run/run.json",
        "hashed_secret": "098301f40307577a1496514dacb4a162c73cf5ae",
        "is_verified": false,
        "line_number": 2,
        "is_secret": false
      },
      {
        "type": "Hex High Entropy String",
        "filename": "fixtures/scenarios/stale-evidence/run/run.json",
        "hashed_secret": "f969ffe3cf426ca1885d593d89036a6d9e8d29cd",
        "is_verified": false,
        "line_number": 3,
        "is_secret": false
      },
      {
        "type": "Hex High Entropy String",
        "filename": "fixtures/scenarios/stale-evidence/run/run.json",
        "hashed_secret": "dbc43b07b38c19802ca8628be23695f8477a1dd6",
        "is_verified": false,
        "line_number": 4,
        "is_secret": false
      }
    ],
    "release/candidate/release.yaml": [
      {
        "type": "Hex High Entropy String",
        "filename": "release/candidate/release.yaml",
        "hashed_secret": "4623fdce764443db5c9d7ab50135517fbfa74bf7",
        "is_verified": false,
        "line_number": 16,
        "is_secret": false
      }
    ],
    "release/candidate/run/run.json": [
      {
        "type": "Hex High Entropy String",
        "filename": "release/candidate/run/run.json",
        "hashed_secret": "098301f40307577a1496514dacb4a162c73cf5ae",
        "is_verified": false,
        "line_number": 2,
        "is_secret": false
      },
      {
        "type": "Hex High Entropy String",
        "filename": "release/candidate/run/run.json",
        "hashed_secret": "f969ffe3cf426ca1885d593d89036a6d9e8d29cd",
        "is_verified": false,
        "line_number": 3,
        "is_secret": false
      },
      {
        "type": "Hex High Entropy String",
        "filename": "release/candidate/run/run.json",
        "hashed_secret": "dbc43b07b38c19802ca8628be23695f8477a1dd6",
        "is_verified": false,
        "line_number": 4,
        "is_secret": false
      }
    ],
    "release/production/release.yaml": [
      {
        "type": "Hex High Entropy String",
        "filename": "release/production/release.yaml",
        "hashed_secret": "6fd3da52c9ea14143737fdf35978f7d0be13c3f3",
        "is_verified": false,
        "line_number": 16,
        "is_secret": false
      }
    ],
    "release/production/run/run.json": [
      {
        "type": "Hex High Entropy String",
        "filename": "release/production/run/run.json",
        "hashed_secret": "7222c9900b4b1ad8c4d6602815ae96687a75bd4f",
        "is_verified": false,
        "line_number": 2,
        "is_secret": false
      },
      {
        "type": "Hex High Entropy String",
        "filename": "release/production/run/run.json",
        "hashed_secret": "f969ffe3cf426ca1885d593d89036a6d9e8d29cd",
        "is_verified": false,
        "line_number": 3,
        "is_secret": false
      },
      {
        "type": "Hex High Entropy String",
        "filename": "release/production/run/run.json",
        "hashed_secret": "dbc43b07b38c19802ca8628be23695f8477a1dd6",
        "is_verified": false,
        "line_number": 4,
        "is_secret": false
      }
    ]
  },
  "generated_at": "2026-09-29T00:27:17Z"
}
